 xpc_formula
 unset                                                                           
 f
  0.50000000000000000     
 nrpams
           0
 nipams
           0
